=== START Fri May  1 12:06:42 UTC 2026 ===
--- Minute 1 (12:06:50) ---
NAME                                       CPU %     MEM USAGE / LIMIT
highloadsystemdesignhw-nginx-1             8.08%     7.98MiB / 128MiB
highloadsystemdesignhw-order-service-1     8.76%     7.445MiB / 300MiB
highloadsystemdesignhw-catalog-service-1   10.78%    7.535MiB / 300MiB
highloadsystemdesignhw-postgres-1          11.51%    45.35MiB / 400MiB
highloadsystemdesignhw-redis-1             0.24%     7.629MiB / 128MiB
--- Minute 2 (12:07:22) ---
NAME                                       CPU %     MEM USAGE / LIMIT
highloadsystemdesignhw-nginx-1             6.39%     9.355MiB / 128MiB
highloadsystemdesignhw-order-service-1     7.25%     8.113MiB / 300MiB
highloadsystemdesignhw-catalog-service-1   8.80%     8.164MiB / 300MiB
highloadsystemdesignhw-postgres-1          11.55%    51.3MiB / 400MiB
highloadsystemdesignhw-redis-1             0.27%     7.629MiB / 128MiB
--- Minute 3 (12:07:53) ---
NAME                                       CPU %     MEM USAGE / LIMIT
highloadsystemdesignhw-nginx-1             10.45%    10.88MiB / 128MiB
highloadsystemdesignhw-order-service-1     13.26%    9.012MiB / 300MiB
highloadsystemdesignhw-catalog-service-1   13.75%    8.426MiB / 300MiB
highloadsystemdesignhw-postgres-1          16.05%    56.89MiB / 400MiB
highloadsystemdesignhw-redis-1             0.26%     7.629MiB / 128MiB
--- Minute 4 (12:08:24) ---
NAME                                       CPU %     MEM USAGE / LIMIT
highloadsystemdesignhw-nginx-1             10.57%    11.23MiB / 128MiB
highloadsystemdesignhw-order-service-1     11.87%    9.613MiB / 300MiB
highloadsystemdesignhw-catalog-service-1   14.20%    8.676MiB / 300MiB
highloadsystemdesignhw-postgres-1          15.10%    62.88MiB / 400MiB
highloadsystemdesignhw-redis-1             0.25%     7.629MiB / 128MiB
--- Minute 5 (12:08:55) ---
NAME                                       CPU %     MEM USAGE / LIMIT
highloadsystemdesignhw-nginx-1             12.15%    11.43MiB / 128MiB
highloadsystemdesignhw-order-service-1     14.29%    9.855MiB / 300MiB
highloadsystemdesignhw-catalog-service-1   17.58%    8.773MiB / 300MiB
highloadsystemdesignhw-postgres-1          18.51%    69.16MiB / 400MiB
highloadsystemdesignhw-redis-1             0.25%     7.629MiB / 128MiB
--- Minute 6 (12:09:27) ---
NAME                                       CPU %     MEM USAGE / LIMIT
highloadsystemdesignhw-nginx-1             12.07%    11.59MiB / 128MiB
highloadsystemdesignhw-order-service-1     15.13%    10.14MiB / 300MiB
highloadsystemdesignhw-catalog-service-1   17.25%    8.715MiB / 300MiB
highloadsystemdesignhw-postgres-1          17.28%    75.29MiB / 400MiB
highloadsystemdesignhw-redis-1             0.26%     7.629MiB / 128MiB
--- Minute 7 (12:09:58) ---
NAME                                       CPU %     MEM USAGE / LIMIT
highloadsystemdesignhw-nginx-1             27.97%    11.11MiB / 128MiB
highloadsystemdesignhw-order-service-1     9.51%     10.1MiB / 300MiB
highloadsystemdesignhw-catalog-service-1   10.82%    8.504MiB / 300MiB
highloadsystemdesignhw-postgres-1          14.33%    81.16MiB / 400MiB
highloadsystemdesignhw-redis-1             0.26%     7.629MiB / 128MiB
--- Minute 8 (12:10:29) ---
NAME                                       CPU %     MEM USAGE / LIMIT
highloadsystemdesignhw-nginx-1             19.58%    11.59MiB / 128MiB
highloadsystemdesignhw-order-service-1     13.49%    10.63MiB / 300MiB
highloadsystemdesignhw-catalog-service-1   13.97%    8.887MiB / 300MiB
highloadsystemdesignhw-postgres-1          17.79%    88.04MiB / 400MiB
highloadsystemdesignhw-redis-1             0.26%     7.629MiB / 128MiB
--- Minute 9 (12:11:00) ---
NAME                                       CPU %     MEM USAGE / LIMIT
highloadsystemdesignhw-nginx-1             12.31%    11.7MiB / 128MiB
highloadsystemdesignhw-order-service-1     13.73%    10.29MiB / 300MiB
highloadsystemdesignhw-catalog-service-1   17.21%    8.941MiB / 300MiB
highloadsystemdesignhw-postgres-1          17.74%    94.72MiB / 400MiB
highloadsystemdesignhw-redis-1             0.26%     7.629MiB / 128MiB
--- Minute 10 (12:11:31) ---
NAME                                       CPU %     MEM USAGE / LIMIT
highloadsystemdesignhw-nginx-1             11.27%    12.03MiB / 128MiB
highloadsystemdesignhw-order-service-1     12.85%    11.05MiB / 300MiB
highloadsystemdesignhw-catalog-service-1   14.47%    8.832MiB / 300MiB
highloadsystemdesignhw-postgres-1          15.13%    100.7MiB / 400MiB
highloadsystemdesignhw-redis-1             0.25%     7.629MiB / 128MiB
--- Minute 11 (12:12:03) ---
NAME                                       CPU %     MEM USAGE / LIMIT
highloadsystemdesignhw-nginx-1             15.85%    11.97MiB / 128MiB
highloadsystemdesignhw-order-service-1     15.62%    11.06MiB / 300MiB
highloadsystemdesignhw-catalog-service-1   19.60%    8.207MiB / 300MiB
highloadsystemdesignhw-postgres-1          18.36%    107.2MiB / 400MiB
highloadsystemdesignhw-redis-1             0.25%     7.629MiB / 128MiB
--- Minute 12 (12:12:34) ---
NAME                                       CPU %     MEM USAGE / LIMIT
highloadsystemdesignhw-nginx-1             27.24%    12.07MiB / 128MiB
highloadsystemdesignhw-order-service-1     13.02%    11.29MiB / 300MiB
highloadsystemdesignhw-catalog-service-1   15.30%    8.668MiB / 300MiB
highloadsystemdesignhw-postgres-1          16.42%    113.2MiB / 400MiB
highloadsystemdesignhw-redis-1             0.27%     7.629MiB / 128MiB
--- Minute 13 (12:13:05) ---
NAME                                       CPU %     MEM USAGE / LIMIT
highloadsystemdesignhw-nginx-1             12.60%    12.07MiB / 128MiB
highloadsystemdesignhw-order-service-1     14.03%    12.01MiB / 300MiB
highloadsystemdesignhw-catalog-service-1   16.31%    8.941MiB / 300MiB
highloadsystemdesignhw-postgres-1          18.84%    119.8MiB / 400MiB
highloadsystemdesignhw-redis-1             0.27%     7.629MiB / 128MiB
--- Minute 14 (12:13:36) ---
NAME                                       CPU %     MEM USAGE / LIMIT
highloadsystemdesignhw-nginx-1             10.55%    12.07MiB / 128MiB
highloadsystemdesignhw-order-service-1     12.63%    12.21MiB / 300MiB
highloadsystemdesignhw-catalog-service-1   15.29%    8.984MiB / 300MiB
highloadsystemdesignhw-postgres-1          14.81%    126MiB / 400MiB
highloadsystemdesignhw-redis-1             0.25%     7.629MiB / 128MiB
--- Minute 15 (12:14:07) ---
NAME                                       CPU %     MEM USAGE / LIMIT
highloadsystemdesignhw-nginx-1             9.16%     11.95MiB / 128MiB
highloadsystemdesignhw-order-service-1     13.10%    12.79MiB / 300MiB
highloadsystemdesignhw-catalog-service-1   13.19%    8.906MiB / 300MiB
highloadsystemdesignhw-postgres-1          14.32%    132.8MiB / 400MiB
highloadsystemdesignhw-redis-1             0.26%     7.629MiB / 128MiB
--- Minute 16 (12:14:39) ---
NAME                                       CPU %     MEM USAGE / LIMIT
highloadsystemdesignhw-nginx-1             12.91%    12.56MiB / 128MiB
highloadsystemdesignhw-order-service-1     17.13%    13.33MiB / 300MiB
highloadsystemdesignhw-catalog-service-1   18.70%    8.855MiB / 300MiB
highloadsystemdesignhw-postgres-1          20.11%    139.3MiB / 400MiB
highloadsystemdesignhw-redis-1             0.26%     7.629MiB / 128MiB
--- Minute 17 (12:15:10) ---
NAME                                       CPU %     MEM USAGE / LIMIT
highloadsystemdesignhw-nginx-1             10.82%    12.54MiB / 128MiB
highloadsystemdesignhw-order-service-1     13.87%    13.69MiB / 300MiB
highloadsystemdesignhw-catalog-service-1   14.32%    8.82MiB / 300MiB
highloadsystemdesignhw-postgres-1          15.71%    144.8MiB / 400MiB
highloadsystemdesignhw-redis-1             0.28%     7.629MiB / 128MiB
--- Minute 18 (12:15:41) ---
NAME                                       CPU %     MEM USAGE / LIMIT
highloadsystemdesignhw-nginx-1             13.22%    12.52MiB / 128MiB
highloadsystemdesignhw-order-service-1     15.36%    13.7MiB / 300MiB
highloadsystemdesignhw-catalog-service-1   18.91%    8.562MiB / 300MiB
highloadsystemdesignhw-postgres-1          18.21%    150.7MiB / 400MiB
highloadsystemdesignhw-redis-1             0.26%     7.629MiB / 128MiB
--- Minute 19 (12:16:12) ---
NAME                                       CPU %     MEM USAGE / LIMIT
highloadsystemdesignhw-nginx-1             7.02%     12.45MiB / 128MiB
highloadsystemdesignhw-order-service-1     11.87%    13.9MiB / 300MiB
highloadsystemdesignhw-catalog-service-1   9.18%     9.168MiB / 300MiB
highloadsystemdesignhw-postgres-1          14.97%    156.4MiB / 400MiB
highloadsystemdesignhw-redis-1             0.25%     7.629MiB / 128MiB
--- Minute 20 (12:16:43) ---
NAME                                       CPU %     MEM USAGE / LIMIT
highloadsystemdesignhw-nginx-1             29.81%    12.89MiB / 128MiB
highloadsystemdesignhw-order-service-1     10.00%    12.71MiB / 300MiB
highloadsystemdesignhw-catalog-service-1   9.01%     9.664MiB / 300MiB
highloadsystemdesignhw-postgres-1          15.78%    161.7MiB / 400MiB
highloadsystemdesignhw-redis-1             0.25%     7.629MiB / 128MiB
--- Minute 21 (12:17:15) ---
NAME                                       CPU %     MEM USAGE / LIMIT
highloadsystemdesignhw-nginx-1             11.35%    12.96MiB / 128MiB
highloadsystemdesignhw-order-service-1     13.91%    15MiB / 300MiB
highloadsystemdesignhw-catalog-service-1   14.32%    9.039MiB / 300MiB
highloadsystemdesignhw-postgres-1          16.51%    167.4MiB / 400MiB
highloadsystemdesignhw-redis-1             0.26%     7.629MiB / 128MiB
--- Minute 22 (12:17:46) ---
NAME                                       CPU %     MEM USAGE / LIMIT
highloadsystemdesignhw-nginx-1             11.42%    12.75MiB / 128MiB
highloadsystemdesignhw-order-service-1     13.48%    15.04MiB / 300MiB
highloadsystemdesignhw-catalog-service-1   15.54%    9.062MiB / 300MiB
highloadsystemdesignhw-postgres-1          15.68%    172.8MiB / 400MiB
highloadsystemdesignhw-redis-1             0.25%     7.629MiB / 128MiB
--- Minute 23 (12:18:17) ---
NAME                                       CPU %     MEM USAGE / LIMIT
highloadsystemdesignhw-nginx-1             9.53%     12.6MiB / 128MiB
highloadsystemdesignhw-order-service-1     13.56%    15.58MiB / 300MiB
highloadsystemdesignhw-catalog-service-1   13.49%    8.969MiB / 300MiB
highloadsystemdesignhw-postgres-1          15.44%    176.5MiB / 400MiB
highloadsystemdesignhw-redis-1             0.26%     7.629MiB / 128MiB
--- Minute 24 (12:18:48) ---
NAME                                       CPU %     MEM USAGE / LIMIT
highloadsystemdesignhw-nginx-1             22.27%    13.34MiB / 128MiB
highloadsystemdesignhw-order-service-1     15.33%    15.15MiB / 300MiB
highloadsystemdesignhw-catalog-service-1   19.09%    9.027MiB / 300MiB
highloadsystemdesignhw-postgres-1          18.18%    177.3MiB / 400MiB
highloadsystemdesignhw-redis-1             0.27%     7.629MiB / 128MiB
--- Minute 25 (12:19:20) ---
NAME                                       CPU %     MEM USAGE / LIMIT
highloadsystemdesignhw-nginx-1             16.79%    12.54MiB / 128MiB
highloadsystemdesignhw-order-service-1     15.34%    13.25MiB / 300MiB
highloadsystemdesignhw-catalog-service-1   15.44%    9.059MiB / 300MiB
highloadsystemdesignhw-postgres-1          19.14%    177.3MiB / 400MiB
highloadsystemdesignhw-redis-1             0.25%     7.629MiB / 128MiB
--- Minute 26 (12:19:51) ---
NAME                                       CPU %     MEM USAGE / LIMIT
highloadsystemdesignhw-nginx-1             13.74%    11.45MiB / 128MiB
highloadsystemdesignhw-order-service-1     16.95%    11.23MiB / 300MiB
highloadsystemdesignhw-catalog-service-1   18.47%    9.074MiB / 300MiB
highloadsystemdesignhw-postgres-1          25.32%    177.3MiB / 400MiB
highloadsystemdesignhw-redis-1             0.26%     7.629MiB / 128MiB
--- Minute 27 (12:20:22) ---
NAME                                       CPU %     MEM USAGE / LIMIT
highloadsystemdesignhw-nginx-1             10.43%    10.73MiB / 128MiB
highloadsystemdesignhw-order-service-1     11.44%    10.25MiB / 300MiB
highloadsystemdesignhw-catalog-service-1   14.00%    8.797MiB / 300MiB
highloadsystemdesignhw-postgres-1          14.57%    179.5MiB / 400MiB
highloadsystemdesignhw-redis-1             0.25%     7.629MiB / 128MiB
--- Minute 28 (12:20:53) ---
NAME                                       CPU %     MEM USAGE / LIMIT
highloadsystemdesignhw-nginx-1             0.00%     9.215MiB / 128MiB
highloadsystemdesignhw-order-service-1     0.28%     9.332MiB / 300MiB
highloadsystemdesignhw-catalog-service-1   0.00%     8.672MiB / 300MiB
highloadsystemdesignhw-postgres-1          6.13%     180.1MiB / 400MiB
highloadsystemdesignhw-redis-1             0.25%     7.629MiB / 128MiB
